<html>
<body>
<pre>
<h1>µVision Build Log</h1>
<h2>Tool Versions:</h2>
IDE-Version: ¦ÌVision V5.24.2.0
Copyright (C) 2017 ARM Ltd and ARM Germany GmbH. All rights reserved.
License Information: a gyy, a, LIC=D0D7S-LAIT6-30TNC-753WQ-71GVI-MDP5Z
 
Tool Versions:
Toolchain:       MDK-ARM Plus  Version: 5.24.1
Toolchain Path:  D:\keil5\keil5_MDK\keil5_MDK_32\ARM\ARMCC\Bin
C Compiler:      Armcc.exe V5.06 update 5 (build 528)
Assembler:       Armasm.exe V5.06 update 5 (build 528)
Linker/Locator:  ArmLink.exe V5.06 update 5 (build 528)
Library Manager: ArmAr.exe V5.06 update 5 (build 528)
Hex Converter:   FromElf.exe V5.06 update 5 (build 528)
CPU DLL:         SARMCM3.DLL V5.24.1
Dialog DLL:      DCM.DLL V1.16.0.0
Target DLL:      STLink\ST-LINKIII-KEIL_SWO.dll V3.0.1.0
Dialog DLL:      TCM.DLL V1.32.0.0
 
<h2>Project:</h2>
c:\Users\gyy\Desktop\±ÏÉè\myOS_OnStm32F1\tinyOS_Source.uvprojx
Project File Date:  02/18/2025

<h2>Output:</h2>
*** Using Compiler 'V5.06 update 5 (build 528)', folder: 'D:\keil5\keil5_MDK\keil5_MDK_32\ARM\ARMCC\Bin'
Build target 'Target 1'
compiling main.c...
linking...
Program Size: Code=10480 RO-data=2908 RW-data=124 ZI-data=5612  
FromELF: creating hex file...
After Build - User command #1: .\Keil5_disp_size_bar_v0.3.exe
[Keil5_disp_size_bar V0.3]: start find map file
[Keil5_disp_size_bar V0.3]: Found:c:\Users\gyy\Desktop\±ÏÉè\myOS_OnStm32F1\Listings\tinyOS_Source.map
[Keil5_disp_size_bar V0.3]: found end
ram:
   20 KB   ram1:|¡ö¡ö¡ö¡ö¡ö_______________| 28.01 % (    5.60 KB /    20.00 KB) [14744 B]
flash:
   64 KB flash1:|¡ö¡ö¡ö¡ö________________| 20.43 % (   13.07 KB /    64.00 KB) [52148 B]
 
".\Objects\tinyOS_Source.axf" - 0 Error(s), 0 Warning(s).

<h2>Software Packages used:</h2>

Package Vendor: Keil
                http://www.keil.com/pack/Keil.STM32F1xx_DFP.2.2.0.pack
                Keil.STM32F1xx_DFP.2.2.0
                STMicroelectronics STM32F1 Series Device Support, Drivers and Examples

<h2>Collection of Component include folders:</h2>
  .\RTE\_Target_1
  D:\keil5\keil5_MDK\keil5_MDK_32\ARM\PACK\Keil\STM32F1xx_DFP\2.2.0\Device\Include

<h2>Collection of Component Files used:</h2>
Build Time Elapsed:  00:00:01
</pre>
</body>
</html>
